
IP 113.128.163.233
223


C:\Users\Administrator\Sites\devdesktop


http port 8082
db port 33066




how to setup apache tomcat server


If your Java installation directory has a space in its path name, you should use the shortened path name (e.g. C:\Progra~1\Java\jre6) in the environment variable, instead.



C:\Progra~1\tomcat\apache-tomcat-6.0.44



C:\Progra~2\DevDesktop\apache\htdocs

Apache soln. for forbidden issue:
http://stackoverflow.com/questions/18392741/apache2-ah01630-client-denied-by-server-configuration



#!!!!!! PLEASE DO NOT EDIT THIS FILE, IT IS AUTOGENERATED BY ACQUIA DEV DESKTOP !!!!!! 



Listen 127.0.0.1:8082
<VirtualHost *>
	ServerName localhost
	DocumentRoot "C:\Progra~2\DevDesktop\apache\htdocs"
	<Directory "C:\Progra~2\DevDesktop\apache\htdocs">
		Options All Indexes FollowSymLinks
		AllowOverride All
		Require all granted
	</Directory>
</VirtualHost>



$ php composer.phar install --prefer-source



C:\Progra~2\DevDesktop\php5_4
$ curl -sS https://getcomposer.org/installer | php
$ php composer.phar install



curl -sS https://getcomposer.org/installer | php

https://blog.twitter.com/2013/twitter-typeaheadjs-you-autocomplete-me


git clone https://github.com/partv76/repoparsat150929.git



Administrator@scsbwin-223668 MINGW64 /c/gitcodebase/prjautocomplete150929
$ git config --global http.proxy proxy.ebiz.verizon.com:80

Administrator@scsbwin-223668 MINGW64 /c/gitcodebase/prjautocomplete150929
$ git config --global https.proxy proxy.ebiz.verizon.com:80

Administrator@scsbwin-223668 MINGW64 /c/gitcodebase/prjautocomplete150929
$ git clone https://github.com/partv76/repoparsat150929.git
Cloning into 'repoparsat150929'...
remote: Counting objects: 15, done.
remote: Compressing objects: 100% (12/12), done.
remote: Total 15 (delta 2), reused 0 (delta 0), pack-reused 0
Unpacking objects: 100% (15/15), done.
Checking connectivity... done.





pub-redis-11190.us-east-1-2.5.ec2.garantiadata.com:11190



redis://rediscloud:pub-redis-11190.us-east-1-2.5.ec2.garantiadata.com:11190

